[2019-02-04 19:35:08,985][MainThread][INFO ][invoker.InvokerContext.set_logging_config] - initilize logging configuration. end: 
{'root': {'level': 'DEBUG', 'handlers': ['console', 'file']}, 'loggers': {'injector': {'level': 'DEBUG'}}, 'disable_existing_loggers': False, 'handlers': {'file': {'filename': 'app-log.log', 'level': 'DEBUG', 'formatter': 'simple', 'when': 'D', 'encoding': 'utf8', 'interval': 1, 'class': 'logging.handlers.TimedRotatingFileHandler'}, 'console': {'level': 'DEBUG', 'formatter': 'simple', 'class': 'logging.StreamHandler', 'stream': 'ext://sys.stdout'}}, 'formatters': {'simple': {'format': '[%(asctime)s][%(threadName)s][%(levelname)-5s][%(name)s.%(funcName)s] - %(message)s'}}, 'version': 1}
[2019-02-04 19:35:39,012][MainThread][INFO ][invoker.InvokerContext.set_logging_config] - initilize logging configuration. end: 
{'loggers': {'injector': {'level': 'DEBUG'}}, 'root': {'handlers': ['console', 'file'], 'level': 'DEBUG'}, 'formatters': {'simple': {'format': '[%(asctime)s][%(threadName)s][%(levelname)-5s][%(name)s.%(funcName)s] - %(message)s'}}, 'version': 1, 'disable_existing_loggers': False, 'handlers': {'file': {'class': 'logging.handlers.TimedRotatingFileHandler', 'formatter': 'simple', 'when': 'D', 'interval': 1, 'level': 'DEBUG', 'filename': 'app-log.log', 'encoding': 'utf8'}, 'console': {'class': 'logging.StreamHandler', 'level': 'DEBUG', 'stream': 'ext://sys.stdout', 'formatter': 'simple'}}}
[2019-02-04 19:36:24,134][MainThread][INFO ][invoker.InvokerContext.set_logging_config] - initilize logging configuration. end: 
{'version': 1, 'formatters': {'simple': {'format': '[%(asctime)s][%(threadName)s][%(levelname)-5s][%(name)s.%(funcName)s] - %(message)s'}}, 'disable_existing_loggers': False, 'root': {'level': 'DEBUG', 'handlers': ['console', 'file']}, 'handlers': {'console': {'stream': 'ext://sys.stdout', 'level': 'DEBUG', 'formatter': 'simple', 'class': 'logging.StreamHandler'}, 'file': {'level': 'DEBUG', 'when': 'D', 'formatter': 'simple', 'interval': 1, 'class': 'logging.handlers.TimedRotatingFileHandler', 'filename': 'app-log.log', 'encoding': 'utf8'}}, 'loggers': {'injector': {'level': 'DEBUG'}}}
[2019-02-04 19:36:50,966][MainThread][INFO ][invoker.InvokerContext.set_logging_config] - initilize logging configuration. end: 
{'version': 1, 'formatters': {'simple': {'format': '[%(asctime)s][%(threadName)s][%(levelname)-5s][%(name)s.%(funcName)s] - %(message)s'}}, 'root': {'level': 'DEBUG', 'handlers': ['console', 'file']}, 'loggers': {'injector': {'level': 'DEBUG'}}, 'handlers': {'console': {'level': 'DEBUG', 'class': 'logging.StreamHandler', 'stream': 'ext://sys.stdout', 'formatter': 'simple'}, 'file': {'class': 'logging.handlers.TimedRotatingFileHandler', 'encoding': 'utf8', 'when': 'D', 'interval': 1, 'level': 'DEBUG', 'filename': 'app-log.log', 'formatter': 'simple'}}, 'disable_existing_loggers': False}
[2019-02-04 19:38:04,413][MainThread][INFO ][invoker.InvokerContext.set_logging_config] - initilize logging configuration. end: 
{'handlers': {'file': {'class': 'logging.handlers.TimedRotatingFileHandler', 'when': 'D', 'interval': 1, 'filename': 'app-log.log', 'level': 'DEBUG', 'formatter': 'simple', 'encoding': 'utf8'}, 'console': {'class': 'logging.StreamHandler', 'level': 'DEBUG', 'formatter': 'simple', 'stream': 'ext://sys.stdout'}}, 'version': 1, 'root': {'handlers': ['console', 'file'], 'level': 'DEBUG'}, 'loggers': {'injector': {'level': 'DEBUG'}}, 'formatters': {'simple': {'format': '[%(asctime)s][%(threadName)s][%(levelname)-5s][%(name)s.%(funcName)s] - %(message)s'}}, 'disable_existing_loggers': False}
[2019-02-04 19:39:04,500][MainThread][INFO ][invoker.InvokerContext.set_logging_config] - initilize logging configuration. end: 
{'root': {'level': 'DEBUG', 'handlers': ['console', 'file']}, 'disable_existing_loggers': False, 'formatters': {'simple': {'format': '[%(asctime)s][%(threadName)s][%(levelname)-5s][%(name)s.%(funcName)s] - %(message)s'}}, 'version': 1, 'handlers': {'file': {'filename': 'app-log.log', 'class': 'logging.handlers.TimedRotatingFileHandler', 'interval': 1, 'when': 'D', 'level': 'DEBUG', 'encoding': 'utf8', 'formatter': 'simple'}, 'console': {'class': 'logging.StreamHandler', 'formatter': 'simple', 'level': 'DEBUG', 'stream': 'ext://sys.stdout'}}, 'loggers': {'injector': {'level': 'DEBUG'}}}
[2019-02-04 19:39:35,637][MainThread][INFO ][invoker.InvokerContext.set_logging_config] - initilize logging configuration. end: 
{'root': {'handlers': ['console', 'file'], 'level': 'DEBUG'}, 'disable_existing_loggers': False, 'version': 1, 'handlers': {'console': {'class': 'logging.StreamHandler', 'level': 'DEBUG', 'stream': 'ext://sys.stdout', 'formatter': 'simple'}, 'file': {'filename': 'app-log.log', 'class': 'logging.handlers.TimedRotatingFileHandler', 'when': 'D', 'formatter': 'simple', 'interval': 1, 'encoding': 'utf8', 'level': 'DEBUG'}}, 'formatters': {'simple': {'format': '[%(asctime)s][%(threadName)s][%(levelname)-5s][%(name)s.%(funcName)s] - %(message)s'}}, 'loggers': {'injector': {'level': 'DEBUG'}}}
[2019-02-04 19:39:35,643][MainThread][DEBUG][injector.args_to_inject] - > Providing {} for <bound method InvokerContext._injector_bind of <invoker.InvokerContext object at 0x02338E50>>
[2019-02-04 19:40:00,522][MainThread][INFO ][invoker.InvokerContext.set_logging_config] - initilize logging configuration. end: 
{'handlers': {'console': {'formatter': 'simple', 'stream': 'ext://sys.stdout', 'level': 'DEBUG', 'class': 'logging.StreamHandler'}, 'file': {'encoding': 'utf8', 'interval': 1, 'class': 'logging.handlers.TimedRotatingFileHandler', 'filename': 'app-log.log', 'formatter': 'simple', 'when': 'D', 'level': 'DEBUG'}}, 'loggers': {'injector': {'level': 'DEBUG'}}, 'root': {'level': 'DEBUG', 'handlers': ['console', 'file']}, 'disable_existing_loggers': False, 'version': 1, 'formatters': {'simple': {'format': '[%(asctime)s][%(threadName)s][%(levelname)-5s][%(name)s.%(funcName)s] - %(message)s'}}}
[2019-02-04 19:40:00,528][MainThread][DEBUG][injector.args_to_inject] - > Providing {} for <bound method InvokerContext._injector_bind of <invoker.InvokerContext object at 0x02377E50>>
[2019-02-04 19:42:00,588][MainThread][INFO ][invoker.InvokerContext.set_logging_config] - initilize logging configuration. end: 
{'formatters': {'simple': {'format': '[%(asctime)s][%(threadName)s][%(levelname)-5s][%(name)s.%(funcName)s] - %(message)s'}}, 'loggers': {'injector': {'level': 'DEBUG'}}, 'disable_existing_loggers': False, 'root': {'level': 'DEBUG', 'handlers': ['console', 'file']}, 'version': 1, 'handlers': {'console': {'formatter': 'simple', 'stream': 'ext://sys.stdout', 'class': 'logging.StreamHandler', 'level': 'DEBUG'}, 'file': {'encoding': 'utf8', 'when': 'D', 'filename': 'app-log.log', 'class': 'logging.handlers.TimedRotatingFileHandler', 'interval': 1, 'formatter': 'simple', 'level': 'DEBUG'}}}
[2019-02-04 19:42:00,596][MainThread][DEBUG][injector.args_to_inject] - > Providing {} for <bound method InvokerContext._injector_bind of <invoker.InvokerContext object at 0x02377E30>>
[2019-02-04 19:42:16,570][MainThread][INFO ][invoker.InvokerContext.set_logging_config] - initilize logging configuration. end: 
{'loggers': {'injector': {'level': 'DEBUG'}}, 'handlers': {'file': {'class': 'logging.handlers.TimedRotatingFileHandler', 'encoding': 'utf8', 'when': 'D', 'filename': 'app-log.log', 'level': 'DEBUG', 'formatter': 'simple', 'interval': 1}, 'console': {'class': 'logging.StreamHandler', 'stream': 'ext://sys.stdout', 'level': 'DEBUG', 'formatter': 'simple'}}, 'formatters': {'simple': {'format': '[%(asctime)s][%(threadName)s][%(levelname)-5s][%(name)s.%(funcName)s] - %(message)s'}}, 'disable_existing_loggers': False, 'root': {'handlers': ['console', 'file'], 'level': 'DEBUG'}, 'version': 1}
[2019-02-04 19:42:16,578][MainThread][DEBUG][injector.args_to_inject] - > Providing {} for <bound method InvokerContext._injector_bind of <invoker.InvokerContext object at 0x02377E10>>
[2019-02-04 19:42:51,555][MainThread][INFO ][invoker.InvokerContext.set_logging_config] - initilize logging configuration. end: 
{'root': {'handlers': ['console', 'file'], 'level': 'DEBUG'}, 'formatters': {'simple': {'format': '[%(asctime)s][%(threadName)s][%(levelname)-5s][%(name)s.%(funcName)s] - %(message)s'}}, 'handlers': {'file': {'level': 'DEBUG', 'encoding': 'utf8', 'filename': 'app-log.log', 'when': 'D', 'formatter': 'simple', 'class': 'logging.handlers.TimedRotatingFileHandler', 'interval': 1}, 'console': {'formatter': 'simple', 'level': 'DEBUG', 'class': 'logging.StreamHandler', 'stream': 'ext://sys.stdout'}}, 'loggers': {'injector': {'level': 'DEBUG'}}, 'version': 1, 'disable_existing_loggers': False}
[2019-02-04 19:42:51,561][MainThread][DEBUG][injector.args_to_inject] - > Providing {} for <bound method InvokerContext._injector_bind of <invoker.InvokerContext object at 0x02337E10>>
[2019-02-04 19:43:34,908][MainThread][INFO ][invoker.InvokerContext.set_logging_config] - initilize logging configuration. end: 
{'version': 1, 'root': {'handlers': ['console', 'file'], 'level': 'DEBUG'}, 'handlers': {'console': {'class': 'logging.StreamHandler', 'stream': 'ext://sys.stdout', 'level': 'DEBUG', 'formatter': 'simple'}, 'file': {'class': 'logging.handlers.TimedRotatingFileHandler', 'level': 'DEBUG', 'encoding': 'utf8', 'filename': 'app-log.log', 'interval': 1, 'when': 'D', 'formatter': 'simple'}}, 'formatters': {'simple': {'format': '[%(asctime)s][%(threadName)s][%(levelname)-5s][%(name)s.%(funcName)s] - %(message)s'}}, 'disable_existing_loggers': False, 'loggers': {'injector': {'level': 'DEBUG'}}}
[2019-02-04 19:43:34,914][MainThread][DEBUG][injector.args_to_inject] - > Providing {} for <bound method InvokerContext._injector_bind of <invoker.InvokerContext object at 0x02377E10>>
[2019-02-04 19:43:34,919][MainThread][INFO ][invoker.cmd.execute] - calleble: sample_function, package: sample
[2019-02-04 19:44:13,954][MainThread][INFO ][invoker.InvokerContext.set_logging_config] - initilize logging configuration. end: 
{'disable_existing_loggers': False, 'loggers': {'injector': {'level': 'DEBUG'}}, 'version': 1, 'root': {'handlers': ['console', 'file'], 'level': 'DEBUG'}, 'handlers': {'console': {'level': 'DEBUG', 'class': 'logging.StreamHandler', 'formatter': 'simple', 'stream': 'ext://sys.stdout'}, 'file': {'filename': 'app-log.log', 'level': 'DEBUG', 'interval': 1, 'formatter': 'simple', 'encoding': 'utf8', 'class': 'logging.handlers.TimedRotatingFileHandler', 'when': 'D'}}, 'formatters': {'simple': {'format': '[%(asctime)s][%(threadName)s][%(levelname)-5s][%(name)s.%(funcName)s] - %(message)s'}}}
[2019-02-04 19:44:13,960][MainThread][DEBUG][injector.args_to_inject] - > Providing {} for <bound method InvokerContext._injector_bind of <invoker.InvokerContext object at 0x02337E10>>
[2019-02-04 19:44:13,963][MainThread][INFO ][invoker.cmd.execute] - calleble: sample_function, package: sample
[2019-02-04 19:44:45,957][MainThread][INFO ][invoker.InvokerContext.set_logging_config] - initilize logging configuration. end: 
{'root': {'handlers': ['console', 'file'], 'level': 'DEBUG'}, 'formatters': {'simple': {'format': '[%(asctime)s][%(threadName)s][%(levelname)-5s][%(name)s.%(funcName)s] - %(message)s'}}, 'version': 1, 'loggers': {'injector': {'level': 'DEBUG'}}, 'disable_existing_loggers': False, 'handlers': {'file': {'class': 'logging.handlers.TimedRotatingFileHandler', 'level': 'DEBUG', 'filename': 'app-log.log', 'formatter': 'simple', 'when': 'D', 'encoding': 'utf8', 'interval': 1}, 'console': {'class': 'logging.StreamHandler', 'level': 'DEBUG', 'stream': 'ext://sys.stdout', 'formatter': 'simple'}}}
[2019-02-04 19:44:45,964][MainThread][DEBUG][injector.args_to_inject] - > Providing {} for <bound method InvokerContext._injector_bind of <invoker.InvokerContext object at 0x022F7E10>>
[2019-02-04 19:44:45,969][MainThread][INFO ][invoker.cmd.execute] - calleble: sample_function, package: sample
[2019-02-04 19:44:45,977][MainThread][ERROR][invoker.cmd.execute] - invoke function internal error.
Traceback (most recent call last):
  File "c:\99.work\10.dev\10.ws\dev-tips\invoker\invoker\cmd.py", line 48, in execute
    ret = invoker.invoke(_func, kwargs=kwargs)
TypeError: invoke() missing 1 required positional argument: 'args'
[2019-02-04 19:45:30,937][MainThread][INFO ][invoker.InvokerContext.set_logging_config] - initilize logging configuration. end: 
{'loggers': {'injector': {'level': 'DEBUG'}}, 'disable_existing_loggers': False, 'formatters': {'simple': {'format': '[%(asctime)s][%(threadName)s][%(levelname)-5s][%(name)s.%(funcName)s] - %(message)s'}}, 'root': {'handlers': ['console', 'file'], 'level': 'DEBUG'}, 'handlers': {'console': {'level': 'DEBUG', 'stream': 'ext://sys.stdout', 'class': 'logging.StreamHandler', 'formatter': 'simple'}, 'file': {'interval': 1, 'encoding': 'utf8', 'when': 'D', 'class': 'logging.handlers.TimedRotatingFileHandler', 'formatter': 'simple', 'level': 'DEBUG', 'filename': 'app-log.log'}}, 'version': 1}
[2019-02-04 19:45:30,943][MainThread][DEBUG][injector.args_to_inject] - > Providing {} for <bound method InvokerContext._injector_bind of <invoker.InvokerContext object at 0x022F7E10>>
[2019-02-04 19:45:30,948][MainThread][INFO ][invoker.cmd.execute] - calleble: sample_function, package: sample
[2019-02-04 19:45:30,954][MainThread][INFO ][invoker.InvokerContext.invoke] - func: <function sample_function at 0x02304300>  args: None, kwargs: {'key': 'test.abc'}
[2019-02-04 19:45:30,954][MainThread][ERROR][invoker.InvokerContext.invoke] - unexpected error. <function sample_function at 0x02304300>
Traceback (most recent call last):
  File "c:\99.work\10.dev\10.ws\dev-tips\invoker\invoker\__init__.py", line 67, in invoke
    func, args=args, kwargs=kargs)
NameError: name 'kargs' is not defined
[2019-02-04 19:45:30,958][MainThread][ERROR][invoker.cmd.execute] - invoke function internal error.
Traceback (most recent call last):
  File "c:\99.work\10.dev\10.ws\dev-tips\invoker\invoker\cmd.py", line 48, in execute
    ret = invoker.invoke(_func, args=None, kwargs=kwargs)
  File "c:\99.work\10.dev\10.ws\dev-tips\invoker\invoker\__init__.py", line 71, in invoke
    raise e
  File "c:\99.work\10.dev\10.ws\dev-tips\invoker\invoker\__init__.py", line 67, in invoke
    func, args=args, kwargs=kargs)
NameError: name 'kargs' is not defined
[2019-02-04 19:45:53,188][MainThread][INFO ][invoker.InvokerContext.set_logging_config] - initilize logging configuration. end: 
{'formatters': {'simple': {'format': '[%(asctime)s][%(threadName)s][%(levelname)-5s][%(name)s.%(funcName)s] - %(message)s'}}, 'loggers': {'injector': {'level': 'DEBUG'}}, 'handlers': {'file': {'level': 'DEBUG', 'class': 'logging.handlers.TimedRotatingFileHandler', 'interval': 1, 'filename': 'app-log.log', 'when': 'D', 'encoding': 'utf8', 'formatter': 'simple'}, 'console': {'stream': 'ext://sys.stdout', 'level': 'DEBUG', 'class': 'logging.StreamHandler', 'formatter': 'simple'}}, 'version': 1, 'root': {'level': 'DEBUG', 'handlers': ['console', 'file']}, 'disable_existing_loggers': False}
[2019-02-04 19:45:53,195][MainThread][DEBUG][injector.args_to_inject] - > Providing {} for <bound method InvokerContext._injector_bind of <invoker.InvokerContext object at 0x02337E10>>
[2019-02-04 19:45:53,198][MainThread][INFO ][invoker.cmd.execute] - calleble: sample_function, package: sample
[2019-02-04 19:45:53,203][MainThread][INFO ][invoker.InvokerContext.invoke] - func: <function sample_function at 0x02344300>  args: None, kwargs: {'key': 'test.abc'}
[2019-02-04 19:45:53,203][MainThread][DEBUG][injector.args_to_inject] - > Providing {'config': (<class 'invoker.utils.AliasDict'>,)} for <function sample_function at 0x02344300>
[2019-02-04 19:45:53,204][MainThread][DEBUG][injector.get] - >> Injector.get(<class 'invoker.utils.AliasDict'>, scope=<class 'injector.SingletonScope'>) using InstanceProvider(<invoker.utils.AliasDict object at 0x0230F630>)
[2019-02-04 19:45:53,204][MainThread][DEBUG][injector.get] - >>  -> <invoker.utils.AliasDict object at 0x0230F630>
[2019-02-04 19:45:53,265][MainThread][ERROR][invoker.InvokerContext.invoke] - unexpected error. <function sample_function at 0x02344300>
Traceback (most recent call last):
  File "C:\Users\endo.hiroki.AD\AppData\Local\Continuum\Miniconda3\envs\invoker\lib\site-packages\injector.py", line 865, in call_with_injection
    *((self_,) if self_ is not None else ()) + tuple(args),
TypeError: 'NoneType' object is not iterable

During handling of the above exception, another exception occurred:

Traceback (most recent call last):
  File "c:\99.work\10.dev\10.ws\dev-tips\invoker\invoker\__init__.py", line 67, in invoke
    func, args=args, kwargs=kwargs)
  File "C:\Users\endo.hiroki.AD\AppData\Local\Continuum\Miniconda3\envs\invoker\lib\site-packages\injector.py", line 868, in call_with_injection
    reraise(e, CallError(self_, callable, args, dependencies, e, self._stack))
  File "C:\Users\endo.hiroki.AD\AppData\Local\Continuum\Miniconda3\envs\invoker\lib\site-packages\injector.py", line 67, in reraise
    raise exception.with_traceback(tb)
  File "C:\Users\endo.hiroki.AD\AppData\Local\Continuum\Miniconda3\envs\invoker\lib\site-packages\injector.py", line 865, in call_with_injection
    *((self_,) if self_ is not None else ()) + tuple(args),
injector.CallError: <unprintable CallError object>
[2019-02-04 19:45:53,272][MainThread][ERROR][invoker.cmd.execute] - invoke function internal error.
Traceback (most recent call last):
  File "C:\Users\endo.hiroki.AD\AppData\Local\Continuum\Miniconda3\envs\invoker\lib\site-packages\injector.py", line 865, in call_with_injection
    *((self_,) if self_ is not None else ()) + tuple(args),
TypeError: 'NoneType' object is not iterable

During handling of the above exception, another exception occurred:

Traceback (most recent call last):
  File "c:\99.work\10.dev\10.ws\dev-tips\invoker\invoker\cmd.py", line 48, in execute
    ret = invoker.invoke(_func, args=None, kwargs=kwargs)
  File "c:\99.work\10.dev\10.ws\dev-tips\invoker\invoker\__init__.py", line 71, in invoke
    raise e
  File "c:\99.work\10.dev\10.ws\dev-tips\invoker\invoker\__init__.py", line 67, in invoke
    func, args=args, kwargs=kwargs)
  File "C:\Users\endo.hiroki.AD\AppData\Local\Continuum\Miniconda3\envs\invoker\lib\site-packages\injector.py", line 868, in call_with_injection
    reraise(e, CallError(self_, callable, args, dependencies, e, self._stack))
  File "C:\Users\endo.hiroki.AD\AppData\Local\Continuum\Miniconda3\envs\invoker\lib\site-packages\injector.py", line 67, in reraise
    raise exception.with_traceback(tb)
  File "C:\Users\endo.hiroki.AD\AppData\Local\Continuum\Miniconda3\envs\invoker\lib\site-packages\injector.py", line 865, in call_with_injection
    *((self_,) if self_ is not None else ()) + tuple(args),
injector.CallError: <unprintable CallError object>
[2019-02-04 19:46:22,007][MainThread][INFO ][invoker.InvokerContext.set_logging_config] - initilize logging configuration. end: 
{'formatters': {'simple': {'format': '[%(asctime)s][%(threadName)s][%(levelname)-5s][%(name)s.%(funcName)s] - %(message)s'}}, 'handlers': {'file': {'level': 'DEBUG', 'encoding': 'utf8', 'when': 'D', 'formatter': 'simple', 'filename': 'app-log.log', 'class': 'logging.handlers.TimedRotatingFileHandler', 'interval': 1}, 'console': {'level': 'DEBUG', 'formatter': 'simple', 'stream': 'ext://sys.stdout', 'class': 'logging.StreamHandler'}}, 'version': 1, 'loggers': {'injector': {'level': 'DEBUG'}}, 'disable_existing_loggers': False, 'root': {'level': 'DEBUG', 'handlers': ['console', 'file']}}
[2019-02-04 19:46:22,017][MainThread][DEBUG][injector.args_to_inject] - > Providing {} for <bound method InvokerContext._injector_bind of <invoker.InvokerContext object at 0x02337E10>>
[2019-02-04 19:46:22,022][MainThread][INFO ][invoker.cmd.execute] - calleble: sample_function, package: sample
[2019-02-04 19:46:22,028][MainThread][INFO ][invoker.InvokerContext.invoke] - func: <function sample_function at 0x02344300>  args: [], kwargs: {'key': 'test.abc'}
[2019-02-04 19:46:22,028][MainThread][DEBUG][injector.args_to_inject] - > Providing {'config': (<class 'invoker.utils.AliasDict'>,)} for <function sample_function at 0x02344300>
[2019-02-04 19:46:22,029][MainThread][DEBUG][injector.get] - >> Injector.get(<class 'invoker.utils.AliasDict'>, scope=<class 'injector.SingletonScope'>) using InstanceProvider(<invoker.utils.AliasDict object at 0x0230F650>)
[2019-02-04 19:46:22,030][MainThread][DEBUG][injector.get] - >>  -> <invoker.utils.AliasDict object at 0x0230F650>
[2019-02-04 19:46:22,030][MainThread][INFO ][sample.sample_function] - key: test.abc, value: sample/function
